[  0%] Built target lglkwe-core_autogen_timestamp_deps
[ 11%] Built target lgl-kwe-look_lrelease
[ 11%] Built target lgl-kwe-look-gtk-preview_autogen_timestamp_deps
[ 12%] Built target lgl-kwe-look-gtk-preview_autogen
[ 12%] Built target lglkwe-core_autogen
[ 15%] Built target lgl-kwe-look-gtk-preview
[ 30%] Built target lglkwe-core
[ 30%] Built target tst_inifile_autogen_timestamp_deps
[ 30%] Built target tst_gsettings_autogen_timestamp_deps
[ 30%] Built target tst_xcursor_autogen_timestamp_deps
[ 30%] Built target lgl-kwe-look_autogen_timestamp_deps
[ 30%] Built target tst_gtkexport_autogen_timestamp_deps
[ 30%] Built target tst_themescan_autogen_timestamp_deps
[ 30%] Built target tst_qtct_autogen_timestamp_deps
[ 30%] Built target tst_migration_autogen_timestamp_deps
[ 30%] Built target tst_sinks_autogen_timestamp_deps
[ 32%] Automatic MOC for target tst_gsettings
[ 32%] Automatic MOC for target tst_xcursor
[ 33%] Automatic MOC for target tst_qtct
[ 35%] Automatic MOC for target tst_inifile
[ 36%] Automatic MOC for target tst_migration
[ 37%] Automatic MOC for target tst_gtkexport
[ 37%] Automatic MOC for target tst_sinks
[ 38%] Automatic MOC for target tst_themescan
[ 39%] Automatic MOC for target lgl-kwe-look
[ 39%] Built target tst_xcursor_autogen
[ 39%] Built target tst_gsettings_autogen
[ 43%] Built target tst_xcursor
[ 47%] Built target tst_gsettings
[ 47%] Built target lgl-kwe-look_autogen
[ 48%] Building CXX object CMakeFiles/lgl-kwe-look.dir/src/main.cpp.o
[ 48%] Building CXX object CMakeFiles/lgl-kwe-look.dir/lgl-kwe-look_autogen/mocs_compilation.cpp.o
[ 49%] Building CXX object CMakeFiles/lgl-kwe-look.dir/src/mainwindow.cpp.o
[ 50%] Building CXX object CMakeFiles/lgl-kwe-look.dir/src/pages/cursorspage.cpp.o
[ 50%] Built target tst_sinks_autogen
[ 50%] Built target tst_themescan_autogen
[ 50%] Built target tst_inifile_autogen
[ 50%] Built target tst_qtct_autogen
[ 50%] Built target tst_gtkexport_autogen
[ 50%] Built target tst_migration_autogen
[ 51%] Building CXX object tests/CMakeFiles/tst_sinks.dir/tst_sinks.cpp.o
[ 52%] Building CXX object tests/CMakeFiles/tst_inifile.dir/tst_inifile.cpp.o
[ 53%] Building CXX object tests/CMakeFiles/tst_themescan.dir/tst_themescan.cpp.o
[ 54%] Building CXX object tests/CMakeFiles/tst_qtct.dir/tst_qtct.cpp.o
[ 54%] Building CXX object tests/CMakeFiles/tst_gtkexport.dir/tst_gtkexport.cpp.o
[ 55%] Building CXX object tests/CMakeFiles/tst_migration.dir/tst_migration.cpp.o
[ 56%] Linking CXX executable tst_themescan
[ 57%] Linking CXX executable tst_inifile
[ 58%] Linking CXX executable tst_gtkexport
[ 59%] Linking CXX executable tst_migration
[ 59%] Linking CXX executable tst_qtct
[ 60%] Built target tst_themescan
[ 62%] Built target tst_inifile
[ 63%] Linking CXX executable tst_sinks
[ 65%] Built target tst_gtkexport
[ 66%] Built target tst_migration
[ 68%] Built target tst_qtct
[ 70%] Built target tst_sinks
[ 71%] Linking CXX executable lgl-kwe-look
[100%] Built target lgl-kwe-look
